Archive member included to satisfy reference by file (symbol)

c:/program files (x86)/atmel/studio/7.0/toolchain/avr8/avr8-gnu-toolchain/bin/../lib/gcc/avr/5.4.0/avr5\libgcc.a(_exit.o)
                              C:/Program Files (x86)/Atmel/Studio/7.0/Packs/atmel/ATmega_DFP/1.2.150/gcc/dev/atmega328p/avr5/crtatmega328p.o (exit)
c:/program files (x86)/atmel/studio/7.0/toolchain/avr8/avr8-gnu-toolchain/bin/../lib/gcc/avr/5.4.0/avr5\libgcc.a(_copy_data.o)
                              main.o (__do_copy_data)
c:/program files (x86)/atmel/studio/7.0/toolchain/avr8/avr8-gnu-toolchain/bin/../lib/gcc/avr/5.4.0/avr5\libgcc.a(_clear_bss.o)
                              I2C.o (__do_clear_bss)

Allocating common symbols
Common symbol       size              file

read_addres         0x1               I2C.o
myQueue             0x406             main.o
timerx_T2           0x2               main.o
write_address       0x1               I2C.o
timerx_T0           0x2               main.o

Discarded input sections

 .data          0x00000000        0x0 C:/Program Files (x86)/Atmel/Studio/7.0/Packs/atmel/ATmega_DFP/1.2.150/gcc/dev/atmega328p/avr5/crtatmega328p.o
 .bss           0x00000000        0x0 C:/Program Files (x86)/Atmel/Studio/7.0/Packs/atmel/ATmega_DFP/1.2.150/gcc/dev/atmega328p/avr5/crtatmega328p.o
 .text          0x00000000        0x0 I2C.o
 .data          0x00000000        0x0 I2C.o
 .bss           0x00000000        0x0 I2C.o
 .text.I2C_Repeated_Start
                0x00000000       0x4c I2C.o
 .text.I2C_Read_Ack
                0x00000000       0x16 I2C.o
 .text.I2C_Read_Nack
                0x00000000       0x16 I2C.o
 COMMON         0x00000000        0x2 I2C.o
 .text          0x00000000        0x0 main.o
 .data          0x00000000        0x0 main.o
 .bss           0x00000000        0x0 main.o
 .text.initBuffer
                0x00000000       0x2a main.o
 .text.USART_receive
                0x00000000       0x10 main.o
 .text          0x00000000        0x0 printMessenge.o
 .data          0x00000000        0x0 printMessenge.o
 .bss           0x00000000        0x0 printMessenge.o
 .text          0x00000000        0x0 ringBuffer.o
 .data          0x00000000        0x0 ringBuffer.o
 .bss           0x00000000        0x0 ringBuffer.o
 .text.initializeQueue
                0x00000000       0x2c ringBuffer.o
 .text.isEmpty  0x00000000       0x16 ringBuffer.o
 .text          0x00000000        0x0 ssd1306.o
 .data          0x00000000        0x0 ssd1306.o
 .bss           0x00000000        0x0 ssd1306.o
 .text.ssd1306_data
                0x00000000       0x28 ssd1306.o
 .text.setColAddress
                0x00000000       0x14 ssd1306.o
 .text.setPageAddress
                0x00000000       0x14 ssd1306.o
 .text.bmp      0x00000000       0x6a ssd1306.o
 .text.reset_display
                0x00000000        0xe ssd1306.o
 .text.sendCharXY
                0x00000000       0x62 ssd1306.o
 .text.sendStrXY
                0x00000000       0x60 ssd1306.o
 .rodata.wightTallyFont
                0x00000000        0x2 ssd1306.o
 .progmem.data.boot_logo
                0x00000000      0x400 ssd1306.o
 .progmem.data.minus
                0x00000000       0x60 ssd1306.o
 .text          0x00000000        0x0 c:/program files (x86)/atmel/studio/7.0/toolchain/avr8/avr8-gnu-toolchain/bin/../lib/gcc/avr/5.4.0/avr5\libgcc.a(_exit.o)
 .data          0x00000000        0x0 c:/program files (x86)/atmel/studio/7.0/toolchain/avr8/avr8-gnu-toolchain/bin/../lib/gcc/avr/5.4.0/avr5\libgcc.a(_exit.o)
 .bss           0x00000000        0x0 c:/program files (x86)/atmel/studio/7.0/toolchain/avr8/avr8-gnu-toolchain/bin/../lib/gcc/avr/5.4.0/avr5\libgcc.a(_exit.o)
 .text.libgcc.mul
                0x00000000        0x0 c:/program files (x86)/atmel/studio/7.0/toolchain/avr8/avr8-gnu-toolchain/bin/../lib/gcc/avr/5.4.0/avr5\libgcc.a(_exit.o)
 .text.libgcc.div
                0x00000000        0x0 c:/program files (x86)/atmel/studio/7.0/toolchain/avr8/avr8-gnu-toolchain/bin/../lib/gcc/avr/5.4.0/avr5\libgcc.a(_exit.o)
 .text.libgcc   0x00000000        0x0 c:/program files (x86)/atmel/studio/7.0/toolchain/avr8/avr8-gnu-toolchain/bin/../lib/gcc/avr/5.4.0/avr5\libgcc.a(_exit.o)
 .text.libgcc.prologue
                0x00000000        0x0 c:/program files (x86)/atmel/studio/7.0/toolchain/avr8/avr8-gnu-toolchain/bin/../lib/gcc/avr/5.4.0/avr5\libgcc.a(_exit.o)
 .text.libgcc.builtins
                0x00000000        0x0 c:/program files (x86)/atmel/studio/7.0/toolchain/avr8/avr8-gnu-toolchain/bin/../lib/gcc/avr/5.4.0/avr5\libgcc.a(_exit.o)
 .text.libgcc.fmul
                0x00000000        0x0 c:/program files (x86)/atmel/studio/7.0/toolchain/avr8/avr8-gnu-toolchain/bin/../lib/gcc/avr/5.4.0/avr5\libgcc.a(_exit.o)
 .text.libgcc.fixed
                0x00000000        0x0 c:/program files (x86)/atmel/studio/7.0/toolchain/avr8/avr8-gnu-toolchain/bin/../lib/gcc/avr/5.4.0/avr5\libgcc.a(_exit.o)
 .text          0x00000000        0x0 c:/program files (x86)/atmel/studio/7.0/toolchain/avr8/avr8-gnu-toolchain/bin/../lib/gcc/avr/5.4.0/avr5\libgcc.a(_copy_data.o)
 .data          0x00000000        0x0 c:/program files (x86)/atmel/studio/7.0/toolchain/avr8/avr8-gnu-toolchain/bin/../lib/gcc/avr/5.4.0/avr5\libgcc.a(_copy_data.o)
 .bss           0x00000000        0x0 c:/program files (x86)/atmel/studio/7.0/toolchain/avr8/avr8-gnu-toolchain/bin/../lib/gcc/avr/5.4.0/avr5\libgcc.a(_copy_data.o)
 .text.libgcc.mul
                0x00000000        0x0 c:/program files (x86)/atmel/studio/7.0/toolchain/avr8/avr8-gnu-toolchain/bin/../lib/gcc/avr/5.4.0/avr5\libgcc.a(_copy_data.o)
 .text.libgcc.div
                0x00000000        0x0 c:/program files (x86)/atmel/studio/7.0/toolchain/avr8/avr8-gnu-toolchain/bin/../lib/gcc/avr/5.4.0/avr5\libgcc.a(_copy_data.o)
 .text.libgcc   0x00000000        0x0 c:/program files (x86)/atmel/studio/7.0/toolchain/avr8/avr8-gnu-toolchain/bin/../lib/gcc/avr/5.4.0/avr5\libgcc.a(_copy_data.o)
 .text.libgcc.prologue
                0x00000000        0x0 c:/program files (x86)/atmel/studio/7.0/toolchain/avr8/avr8-gnu-toolchain/bin/../lib/gcc/avr/5.4.0/avr5\libgcc.a(_copy_data.o)
 .text.libgcc.builtins
                0x00000000        0x0 c:/program files (x86)/atmel/studio/7.0/toolchain/avr8/avr8-gnu-toolchain/bin/../lib/gcc/avr/5.4.0/avr5\libgcc.a(_copy_data.o)
 .text.libgcc.fmul
                0x00000000        0x0 c:/program files (x86)/atmel/studio/7.0/toolchain/avr8/avr8-gnu-toolchain/bin/../lib/gcc/avr/5.4.0/avr5\libgcc.a(_copy_data.o)
 .text.libgcc.fixed
                0x00000000        0x0 c:/program files (x86)/atmel/studio/7.0/toolchain/avr8/avr8-gnu-toolchain/bin/../lib/gcc/avr/5.4.0/avr5\libgcc.a(_copy_data.o)
 .text          0x00000000        0x0 c:/program files (x86)/atmel/studio/7.0/toolchain/avr8/avr8-gnu-toolchain/bin/../lib/gcc/avr/5.4.0/avr5\libgcc.a(_clear_bss.o)
 .data          0x00000000        0x0 c:/program files (x86)/atmel/studio/7.0/toolchain/avr8/avr8-gnu-toolchain/bin/../lib/gcc/avr/5.4.0/avr5\libgcc.a(_clear_bss.o)
 .bss           0x00000000        0x0 c:/program files (x86)/atmel/studio/7.0/toolchain/avr8/avr8-gnu-toolchain/bin/../lib/gcc/avr/5.4.0/avr5\libgcc.a(_clear_bss.o)
 .text.libgcc.mul
                0x00000000        0x0 c:/program files (x86)/atmel/studio/7.0/toolchain/avr8/avr8-gnu-toolchain/bin/../lib/gcc/avr/5.4.0/avr5\libgcc.a(_clear_bss.o)
 .text.libgcc.div
                0x00000000        0x0 c:/program files (x86)/atmel/studio/7.0/toolchain/avr8/avr8-gnu-toolchain/bin/../lib/gcc/avr/5.4.0/avr5\libgcc.a(_clear_bss.o)
 .text.libgcc   0x00000000        0x0 c:/program files (x86)/atmel/studio/7.0/toolchain/avr8/avr8-gnu-toolchain/bin/../lib/gcc/avr/5.4.0/avr5\libgcc.a(_clear_bss.o)
 .text.libgcc.prologue
                0x00000000        0x0 c:/program files (x86)/atmel/studio/7.0/toolchain/avr8/avr8-gnu-toolchain/bin/../lib/gcc/avr/5.4.0/avr5\libgcc.a(_clear_bss.o)
 .text.libgcc.builtins
                0x00000000        0x0 c:/program files (x86)/atmel/studio/7.0/toolchain/avr8/avr8-gnu-toolchain/bin/../lib/gcc/avr/5.4.0/avr5\libgcc.a(_clear_bss.o)
 .text.libgcc.fmul
                0x00000000        0x0 c:/program files (x86)/atmel/studio/7.0/toolchain/avr8/avr8-gnu-toolchain/bin/../lib/gcc/avr/5.4.0/avr5\libgcc.a(_clear_bss.o)
 .text.libgcc.fixed
                0x00000000        0x0 c:/program files (x86)/atmel/studio/7.0/toolchain/avr8/avr8-gnu-toolchain/bin/../lib/gcc/avr/5.4.0/avr5\libgcc.a(_clear_bss.o)

Memory Configuration

Name             Origin             Length             Attributes
text             0x00000000         0x00020000         xr
data             0x00800060         0x0000ffa0         rw !x
eeprom           0x00810000         0x00010000         rw !x
fuse             0x00820000         0x00000003         rw !x
lock             0x00830000         0x00000400         rw !x
signature        0x00840000         0x00000400         rw !x
user_signatures  0x00850000         0x00000400         rw !x
*default*        0x00000000         0xffffffff

Linker script and memory map

Address of section .data set to 0x800100
LOAD C:/Program Files (x86)/Atmel/Studio/7.0/Packs/atmel/ATmega_DFP/1.2.150/gcc/dev/atmega328p/avr5/crtatmega328p.o
LOAD I2C.o
LOAD main.o
LOAD printMessenge.o
LOAD ringBuffer.o
LOAD ssd1306.o
START GROUP
LOAD c:/program files (x86)/atmel/studio/7.0/toolchain/avr8/avr8-gnu-toolchain/bin/../lib/gcc/avr/5.4.0/../../../../avr/lib/avr5\libm.a
END GROUP
START GROUP
LOAD c:/program files (x86)/atmel/studio/7.0/toolchain/avr8/avr8-gnu-toolchain/bin/../lib/gcc/avr/5.4.0/avr5\libgcc.a
LOAD c:/program files (x86)/atmel/studio/7.0/toolchain/avr8/avr8-gnu-toolchain/bin/../lib/gcc/avr/5.4.0/../../../../avr/lib/avr5\libm.a
LOAD c:/program files (x86)/atmel/studio/7.0/toolchain/avr8/avr8-gnu-toolchain/bin/../lib/gcc/avr/5.4.0/../../../../avr/lib/avr5\libc.a
LOAD C:/Program Files (x86)/Atmel/Studio/7.0/Packs/atmel/ATmega_DFP/1.2.150/gcc/dev/atmega328p/avr5\libatmega328p.a
END GROUP
                0x00020000                __TEXT_REGION_LENGTH__ = DEFINED (__TEXT_REGION_LENGTH__)?__TEXT_REGION_LENGTH__:0x20000
                0x0000ffa0                __DATA_REGION_LENGTH__ = DEFINED (__DATA_REGION_LENGTH__)?__DATA_REGION_LENGTH__:0xffa0
                0x00010000                __EEPROM_REGION_LENGTH__ = DEFINED (__EEPROM_REGION_LENGTH__)?__EEPROM_REGION_LENGTH__:0x10000
                [0x00000003]                __FUSE_REGION_LENGTH__ = DEFINED (__FUSE_REGION_LENGTH__)?__FUSE_REGION_LENGTH__:0x400
                0x00000400                __LOCK_REGION_LENGTH__ = DEFINED (__LOCK_REGION_LENGTH__)?__LOCK_REGION_LENGTH__:0x400
                0x00000400                __SIGNATURE_REGION_LENGTH__ = DEFINED (__SIGNATURE_REGION_LENGTH__)?__SIGNATURE_REGION_LENGTH__:0x400
                0x00000400                __USER_SIGNATURE_REGION_LENGTH__ = DEFINED (__USER_SIGNATURE_REGION_LENGTH__)?__USER_SIGNATURE_REGION_LENGTH__:0x400

.hash
 *(.hash)

.dynsym
 *(.dynsym)

.dynstr
 *(.dynstr)

.gnu.version
 *(.gnu.version)

.gnu.version_d
 *(.gnu.version_d)

.gnu.version_r
 *(.gnu.version_r)

.rel.init
 *(.rel.init)

.rela.init
 *(.rela.init)

.rel.text
 *(.rel.text)
 *(.rel.text.*)
 *(.rel.gnu.linkonce.t*)

.rela.text
 *(.rela.text)
 *(.rela.text.*)
 *(.rela.gnu.linkonce.t*)

.rel.fini
 *(.rel.fini)

.rela.fini
 *(.rela.fini)

.rel.rodata
 *(.rel.rodata)
 *(.rel.rodata.*)
 *(.rel.gnu.linkonce.r*)

.rela.rodata
 *(.rela.rodata)
 *(.rela.rodata.*)
 *(.rela.gnu.linkonce.r*)

.rel.data
 *(.rel.data)
 *(.rel.data.*)
 *(.rel.gnu.linkonce.d*)

.rela.data
 *(.rela.data)
 *(.rela.data.*)
 *(.rela.gnu.linkonce.d*)

.rel.ctors
 *(.rel.ctors)

.rela.ctors
 *(.rela.ctors)

.rel.dtors
 *(.rel.dtors)

.rela.dtors
 *(.rela.dtors)

.rel.got
 *(.rel.got)

.rela.got
 *(.rela.got)

.rel.bss
 *(.rel.bss)

.rela.bss
 *(.rela.bss)

.rel.plt
 *(.rel.plt)

.rela.plt
 *(.rela.plt)

.text           0x00000000     0x1e46
 *(.vectors)
 .vectors       0x00000000       0x68 C:/Program Files (x86)/Atmel/Studio/7.0/Packs/atmel/ATmega_DFP/1.2.150/gcc/dev/atmega328p/avr5/crtatmega328p.o
                0x00000000                __vector_default
                0x00000000                __vectors
 *(.vectors)
 *(.progmem.gcc*)
                0x00000068                . = ALIGN (0x2)
                0x00000068                __trampolines_start = .
 *(.trampolines)
 .trampolines   0x00000068        0x0 linker stubs
 *(.trampolines*)
                0x00000068                __trampolines_end = .
 *libprintf_flt.a:*(.progmem.data)
 *libc.a:*(.progmem.data)
 *(.progmem*)
 .progmem.data.tallyNumbers
                0x00000068      0xa80 ssd1306.o
                0x00000068                tallyNumbers
 .progmem.data.myFont
                0x00000ae8      0x300 ssd1306.o
                0x00000ae8                myFont
 .progmem.data.bigNumbers
                0x00000de8      0x420 ssd1306.o
                0x00000de8                bigNumbers
                0x00001208                . = ALIGN (0x2)
 *(.jumptables)
 *(.jumptables*)
 *(.lowtext)
 *(.lowtext*)
                0x00001208                __ctors_start = .
 *(.ctors)
                0x00001208                __ctors_end = .
                0x00001208                __dtors_start = .
 *(.dtors)
                0x00001208                __dtors_end = .
 SORT(*)(.ctors)
 SORT(*)(.dtors)
 *(.init0)
 .init0         0x00001208        0x0 C:/Program Files (x86)/Atmel/Studio/7.0/Packs/atmel/ATmega_DFP/1.2.150/gcc/dev/atmega328p/avr5/crtatmega328p.o
                0x00001208                __init
 *(.init0)
 *(.init1)
 *(.init1)
 *(.init2)
 .init2         0x00001208        0xc C:/Program Files (x86)/Atmel/Studio/7.0/Packs/atmel/ATmega_DFP/1.2.150/gcc/dev/atmega328p/avr5/crtatmega328p.o
 *(.init2)
 *(.init3)
 *(.init3)
 *(.init4)
 .init4         0x00001214       0x16 c:/program files (x86)/atmel/studio/7.0/toolchain/avr8/avr8-gnu-toolchain/bin/../lib/gcc/avr/5.4.0/avr5\libgcc.a(_copy_data.o)
                0x00001214                __do_copy_data
 .init4         0x0000122a       0x10 c:/program files (x86)/atmel/studio/7.0/toolchain/avr8/avr8-gnu-toolchain/bin/../lib/gcc/avr/5.4.0/avr5\libgcc.a(_clear_bss.o)
                0x0000122a                __do_clear_bss
 *(.init4)
 *(.init5)
 *(.init5)
 *(.init6)
 *(.init6)
 *(.init7)
 *(.init7)
 *(.init8)
 *(.init8)
 *(.init9)
 .init9         0x0000123a        0x8 C:/Program Files (x86)/Atmel/Studio/7.0/Packs/atmel/ATmega_DFP/1.2.150/gcc/dev/atmega328p/avr5/crtatmega328p.o
 *(.init9)
 *(.text)
 .text          0x00001242        0x4 C:/Program Files (x86)/Atmel/Studio/7.0/Packs/atmel/ATmega_DFP/1.2.150/gcc/dev/atmega328p/avr5/crtatmega328p.o
                0x00001242                __vector_22
                0x00001242                __vector_1
                0x00001242                __vector_24
                0x00001242                __vector_12
                0x00001242                __bad_interrupt
                0x00001242                __vector_6
                0x00001242                __vector_23
                0x00001242                __vector_25
                0x00001242                __vector_11
                0x00001242                __vector_13
                0x00001242                __vector_17
                0x00001242                __vector_19
                0x00001242                __vector_5
                0x00001242                __vector_4
                0x00001242                __vector_9
                0x00001242                __vector_2
                0x00001242                __vector_21
                0x00001242                __vector_15
                0x00001242                __vector_8
                0x00001242                __vector_10
                0x00001242                __vector_16
                0x00001242                __vector_20
                0x00001246                . = ALIGN (0x2)
 *(.text.*)
 .text.I2C_Init
                0x00001246       0x18 I2C.o
                0x00001246                I2C_Init
 .text.I2C_Start
                0x0000125e       0x4c I2C.o
                0x0000125e                I2C_Start
 .text.I2C_Write
                0x000012aa       0x2e I2C.o
                0x000012aa                I2C_Write
 .text.I2C_Stop
                0x000012d8       0x12 I2C.o
                0x000012d8                I2C_Stop
 .text.setup_LED
                0x000012ea        0xe main.o
                0x000012ea                setup_LED
 .text.setup_BUTTON
                0x000012f8       0x2e main.o
                0x000012f8                setup_BUTTON
 .text.setup_T0_WD
                0x00001326       0x18 main.o
                0x00001326                setup_T0_WD
 .text.setup_T1_showedMess
                0x0000133e       0x1e main.o
                0x0000133e                setup_T1_showedMess
 .text.setup_Display
                0x0000135c       0x1a main.o
                0x0000135c                setup_Display
 .text.setup_USART
                0x00001376       0x48 main.o
                0x00001376                setup_USART
 .text.USART_send
                0x000013be       0x12 main.o
                0x000013be                USART_send
 .text.parseCameraStatus
                0x000013d0       0xe6 main.o
                0x000013d0                parseCameraStatus
 .text.refresh_LED
                0x000014b6       0x1e main.o
                0x000014b6                refresh_LED
 .text.statusDisplay
                0x000014d4       0x36 main.o
                0x000014d4                statusDisplay
 .text.printPrepairedMessage
                0x0000150a       0x58 main.o
                0x0000150a                printPrepairedMessage
 .text.printRecievedMessage
                0x00001562       0xbe main.o
                0x00001562                printRecievedMessage
 .text.unknowMessenge
                0x00001620       0x2c main.o
                0x00001620                unknowMessenge
 .text.main     0x0000164c      0x10a main.o
                0x0000164c                main
 .text.__vector_18
                0x00001756       0x6c main.o
                0x00001756                __vector_18
 .text.__vector_14
                0x000017c2       0x46 main.o
                0x000017c2                __vector_14
 .text.__vector_7
                0x00001808       0x78 main.o
                0x00001808                __vector_7
 .text.__vector_3
                0x00001880       0xdc main.o
                0x00001880                __vector_3
 .text.messCamera
                0x0000195c      0x100 printMessenge.o
                0x0000195c                messCamera
 .text.putItem  0x00001a5c       0x48 ringBuffer.o
                0x00001a5c                putItem
 .text.getItem  0x00001aa4       0x54 ringBuffer.o
                0x00001aa4                getItem
 .text.ssd1306_command
                0x00001af8       0x20 ssd1306.o
                0x00001af8                ssd1306_command
 .text.InitializeDisplay
                0x00001b18       0xd4 ssd1306.o
                0x00001b18                InitializeDisplay
 .text.displayOn
                0x00001bec        0x8 ssd1306.o
                0x00001bec                displayOn
 .text.displayOff
                0x00001bf4        0x8 ssd1306.o
                0x00001bf4                displayOff
 .text.SendChar
                0x00001bfc       0x20 ssd1306.o
                0x00001bfc                SendChar
 .text.setXY    0x00001c1c       0x2e ssd1306.o
                0x00001c1c                setXY
 .text.clear_display
                0x00001c4a       0x26 ssd1306.o
                0x00001c4a                clear_display
 .text.printBigNumber
                0x00001c70       0xb0 ssd1306.o
                0x00001c70                printBigNumber
 .text.sendStr  0x00001d20       0x58 ssd1306.o
                0x00001d20                sendStr
 .text.printTallyNumber
                0x00001d78       0x70 ssd1306.o
                0x00001d78                printTallyNumber
 .text.sendCharTOMAS
                0x00001de8       0x5a ssd1306.o
                0x00001de8                sendCharTOMAS
                0x00001e42                . = ALIGN (0x2)
 *(.fini9)
 .fini9         0x00001e42        0x0 c:/program files (x86)/atmel/studio/7.0/toolchain/avr8/avr8-gnu-toolchain/bin/../lib/gcc/avr/5.4.0/avr5\libgcc.a(_exit.o)
                0x00001e42                _exit
                0x00001e42                exit
 *(.fini9)
 *(.fini8)
 *(.fini8)
 *(.fini7)
 *(.fini7)
 *(.fini6)
 *(.fini6)
 *(.fini5)
 *(.fini5)
 *(.fini4)
 *(.fini4)
 *(.fini3)
 *(.fini3)
 *(.fini2)
 *(.fini2)
 *(.fini1)
 *(.fini1)
 *(.fini0)
 .fini0         0x00001e42        0x4 c:/program files (x86)/atmel/studio/7.0/toolchain/avr8/avr8-gnu-toolchain/bin/../lib/gcc/avr/5.4.0/avr5\libgcc.a(_exit.o)
 *(.fini0)
                0x00001e46                _etext = .

.data           0x00800100       0x4c load address 0x00001e46
                0x00800100                PROVIDE (__data_start, .)
 *(.data)
 *(.data*)
 .data.CAM_LIVE
                0x00800100        0x1 main.o
                0x00800100                CAM_LIVE
 .data.CAM_READY
                0x00800101        0x1 main.o
                0x00800101                CAM_READY
 .data.portbhistory
                0x00800102        0x1 main.o
                0x00800102                portbhistory
 .data._i2c_address
                0x00800103        0x1 ssd1306.o
                0x00800103                _i2c_address
 *(.gnu.linkonce.d*)
 *(.rodata)
 *(.rodata*)
 .rodata.str1.1
                0x00800104       0x47 printMessenge.o
 *(.gnu.linkonce.r*)
                0x0080014c                . = ALIGN (0x2)
 *fill*         0x0080014b        0x1 
                0x0080014c                _edata = .
                0x0080014c                PROVIDE (__data_end, .)

.bss            0x0080014c      0x40e
                0x0080014c                PROVIDE (__bss_start, .)
 *(.bss)
 *(.bss*)
 .bss.zobrazenaSprava
                0x0080014c        0x1 main.o
                0x0080014c                zobrazenaSprava
 .bss.watchdog  0x0080014d        0x1 main.o
                0x0080014d                watchdog
 .bss.system_error
                0x0080014e        0x1 main.o
                0x0080014e                system_error
 .bss.new_msg   0x0080014f        0x1 main.o
                0x0080014f                new_msg
 *(COMMON)
 COMMON         0x00800150      0x40a main.o
                0x00800150                myQueue
                0x00800556                timerx_T2
                0x00800558                timerx_T0
                0x0080055a                PROVIDE (__bss_end, .)
                0x00001e46                __data_load_start = LOADADDR (.data)
                0x00001e92                __data_load_end = (__data_load_start + SIZEOF (.data))

.noinit         0x0080055a        0x0
                [!provide]                PROVIDE (__noinit_start, .)
 *(.noinit*)
                [!provide]                PROVIDE (__noinit_end, .)
                0x0080055a                _end = .
                [!provide]                PROVIDE (__heap_start, .)

.eeprom         0x00810000        0x0
 *(.eeprom*)
                0x00810000                __eeprom_end = .

.fuse
 *(.fuse)
 *(.lfuse)
 *(.hfuse)
 *(.efuse)

.lock
 *(.lock*)

.signature
 *(.signature*)

.user_signatures
 *(.user_signatures*)

.stab
 *(.stab)

.stabstr
 *(.stabstr)

.stab.excl
 *(.stab.excl)

.stab.exclstr
 *(.stab.exclstr)

.stab.index
 *(.stab.index)

.stab.indexstr
 *(.stab.indexstr)

.comment        0x00000000       0x30
 *(.comment)
 .comment       0x00000000       0x30 I2C.o
                                 0x31 (size before relaxing)
 .comment       0x00000030       0x31 main.o
 .comment       0x00000030       0x31 printMessenge.o
 .comment       0x00000030       0x31 ringBuffer.o
 .comment       0x00000030       0x31 ssd1306.o

.note.gnu.avr.deviceinfo
                0x00000000       0x40
 .note.gnu.avr.deviceinfo
                0x00000000       0x40 C:/Program Files (x86)/Atmel/Studio/7.0/Packs/atmel/ATmega_DFP/1.2.150/gcc/dev/atmega328p/avr5/crtatmega328p.o

.note.gnu.build-id
 *(.note.gnu.build-id)

.debug
 *(.debug)

.line
 *(.line)

.debug_srcinfo
 *(.debug_srcinfo)

.debug_sfnames
 *(.debug_sfnames)

.debug_aranges  0x00000000      0x208
 *(.debug_aranges)
 .debug_aranges
                0x00000000       0x50 I2C.o
 .debug_aranges
                0x00000050       0xb8 main.o
 .debug_aranges
                0x00000108       0x20 printMessenge.o
 .debug_aranges
                0x00000128       0x38 ringBuffer.o
 .debug_aranges
                0x00000160       0xa8 ssd1306.o

.debug_pubnames
 *(.debug_pubnames)

.debug_info     0x00000000     0x2550
 *(.debug_info .gnu.linkonce.wi.*)
 .debug_info    0x00000000      0x5f4 C:/Program Files (x86)/Atmel/Studio/7.0/Packs/atmel/ATmega_DFP/1.2.150/gcc/dev/atmega328p/avr5/crtatmega328p.o
 .debug_info    0x000005f4      0x1ab I2C.o
 .debug_info    0x0000079f      0xb3b main.o
 .debug_info    0x000012da      0x3b0 printMessenge.o
 .debug_info    0x0000168a      0x19b ringBuffer.o
 .debug_info    0x00001825      0xd2b ssd1306.o

.debug_abbrev   0x00000000      0xd00
 *(.debug_abbrev)
 .debug_abbrev  0x00000000      0x5a2 C:/Program Files (x86)/Atmel/Studio/7.0/Packs/atmel/ATmega_DFP/1.2.150/gcc/dev/atmega328p/avr5/crtatmega328p.o
 .debug_abbrev  0x000005a2       0xb2 I2C.o
 .debug_abbrev  0x00000654      0x2b8 main.o
 .debug_abbrev  0x0000090c       0xa9 printMessenge.o
 .debug_abbrev  0x000009b5      0x112 ringBuffer.o
 .debug_abbrev  0x00000ac7      0x239 ssd1306.o

.debug_line     0x00000000     0x136e
 *(.debug_line .debug_line.* .debug_line_end)
 .debug_line    0x00000000      0x133 C:/Program Files (x86)/Atmel/Studio/7.0/Packs/atmel/ATmega_DFP/1.2.150/gcc/dev/atmega328p/avr5/crtatmega328p.o
 .debug_line    0x00000133      0x2aa I2C.o
 .debug_line    0x000003dd      0x774 main.o
 .debug_line    0x00000b51      0x17d printMessenge.o
 .debug_line    0x00000cce       0xff ringBuffer.o
 .debug_line    0x00000dcd      0x5a1 ssd1306.o

.debug_frame    0x00000000      0x5f0
 *(.debug_frame)
 .debug_frame   0x00000000       0x84 I2C.o
 .debug_frame   0x00000084      0x2b0 main.o
 .debug_frame   0x00000334       0x30 printMessenge.o
 .debug_frame   0x00000364       0x54 ringBuffer.o
 .debug_frame   0x000003b8      0x238 ssd1306.o

.debug_str      0x00000000      0x848
 *(.debug_str)
 .debug_str     0x00000000      0x208 C:/Program Files (x86)/Atmel/Studio/7.0/Packs/atmel/ATmega_DFP/1.2.150/gcc/dev/atmega328p/avr5/crtatmega328p.o
 .debug_str     0x00000208      0x1b0 I2C.o
                                0x1ee (size before relaxing)
 .debug_str     0x000003b8      0x341 main.o
                                0x4c5 (size before relaxing)
 .debug_str     0x000006f9       0x29 printMessenge.o
                                0x1ca (size before relaxing)
 .debug_str     0x00000722       0x30 ringBuffer.o
                                0x17c (size before relaxing)
 .debug_str     0x00000752       0xf6 ssd1306.o
                                0x369 (size before relaxing)

.debug_loc      0x00000000     0x159e
 *(.debug_loc)
 .debug_loc     0x00000000      0x180 I2C.o
 .debug_loc     0x00000180      0x718 main.o
 .debug_loc     0x00000898       0x65 printMessenge.o
 .debug_loc     0x000008fd       0xb4 ringBuffer.o
 .debug_loc     0x000009b1      0xbed ssd1306.o

.debug_macinfo
 *(.debug_macinfo)

.debug_weaknames
 *(.debug_weaknames)

.debug_funcnames
 *(.debug_funcnames)

.debug_typenames
 *(.debug_typenames)

.debug_varnames
 *(.debug_varnames)

.debug_pubtypes
 *(.debug_pubtypes)

.debug_ranges   0x00000000      0x1d0
 *(.debug_ranges)
 .debug_ranges  0x00000000       0x40 I2C.o
 .debug_ranges  0x00000040       0xa8 main.o
 .debug_ranges  0x000000e8       0x10 printMessenge.o
 .debug_ranges  0x000000f8       0x28 ringBuffer.o
 .debug_ranges  0x00000120       0xb0 ssd1306.o

.debug_macro
 *(.debug_macro)
OUTPUT(cv1.elf elf32-avr)
LOAD linker stubs
